The following modules were not unloaded:
  (Use "module --force purge" to unload all):

  1) StdEnv
/home/zc362/.conda/envs/myenv/lib/python3.12/site-packages/papermill/iorw.py:149: UserWarning: the file is not specified with any extension : -
  warnings.warn(f"the file is not specified with any extension : {os.path.basename(path)}")
{
 "cells": [
  {
   "cell_type": "code",
   "execution_count": 1,
   "id": "aaf6ab73-fb12-4f7f-ad0f-10a581047217",
   "metadata": {
    "execution": {
     "iopub.execute_input": "2024-10-06T02:44:28.290076Z",
     "iopub.status.busy": "2024-10-06T02:44:28.289951Z",
     "iopub.status.idle": "2024-10-06T02:44:28.293361Z",
     "shell.execute_reply": "2024-10-06T02:44:28.293117Z"
    },
    "papermill": {
     "duration": 0.005108,
     "end_time": "2024-10-06T02:44:28.294181",
     "exception": false,
     "start_time": "2024-10-06T02:44:28.289073",
     "status": "completed"
    },
    "tags": []
   },
   "outputs": [
    {
     "name": "stdout",
     "output_type": "stream",
     "text": [
      "Hello World\n"
     ]
    }
   ],
   "source": [
    "print(\"Hello World\")"
   ]
  },
  {
   "cell_type": "code",
   "execution_count": 2,
   "id": "f5c4ccc3-4038-43b6-bbf7-6c81d4b97724",
   "metadata": {
    "execution": {
     "iopub.execute_input": "2024-10-06T02:44:28.294965Z",
     "iopub.status.busy": "2024-10-06T02:44:28.294841Z",
     "iopub.status.idle": "2024-10-06T02:44:28.297064Z",
     "shell.execute_reply": "2024-10-06T02:44:28.296792Z"
    },
    "papermill": {
     "duration": 0.003529,
     "end_time": "2024-10-06T02:44:28.297817",
     "exception": false,
     "start_time": "2024-10-06T02:44:28.294288",
     "status": "completed"
    },
    "tags": []
   },
   "outputs": [
    {
     "name": "stdout",
     "output_type": "stream",
     "text": [
      "Hello World\n"
     ]
    }
   ],
   "source": [
    "print(\"Hello World\")"
   ]
  }
 ],
 "metadata": {
  "kernelspec": {
   "display_name": "Python 3 (ipykernel)",
   "language": "python",
   "name": "python3"
  },
  "language_info": {
   "codemirror_mode": {
    "name": "ipython",
    "version": 3
   },
   "file_extension": ".py",
   "mimetype": "text/x-python",
   "name": "python",
   "nbconvert_exporter": "python",
   "pygments_lexer": "ipython3",
   "version": "3.12.4"
  },
  "papermill": {
   "default_parameters": {},
   "duration": 0.771265,
   "end_time": "2024-10-06T02:44:28.411152",
   "environment_variables": {},
   "exception": null,
   "input_path": "06.ipynb",
   "output_path": "-",
   "parameters": {},
   "start_time": "2024-10-06T02:44:27.639887",
   "version": "2.6.0"
  }
 },
 "nbformat": 4,
 "nbformat_minor": 5
}